
Files:
  ../Bios/bin/libbios.a (.):  kernel e000(e) hex
  ../Bios/bin/libbios.a (.):  kernel e00e(d) hex
  ../Bios/bin/libbios.a (.):  kernel e01b(3) hex
  ../Bios/bin/libbios.a (.):  kernel e01e(14) hex
  ../Bios/bin/libbios.a (.):  kernel e032(6) hex
  ../Bios/bin/libbios.a (.):  vectors ffea(16) hex
  ../Bios/bin/libbios.a (.):   b2f0(0) hex
  ../Bios/bin/libbios.a (.):  kernel e038(44) hex
  ../Bios/bin/libbios.a (.):  kernel e07c(6) hex
  ../Bios/bin/libbios.a (.):  kernel e082(6) hex
  ../Bios/bin/libbios.a (.):  kernel e088(16) hex
  ../Bios/bin/libbios.a (.):  kernel e09e(16) hex
  ../Bios/bin/libbios.a (.):  kernel e0b4(23) hex
  ../Bios/bin/libbios.a (.):  kernel e0d7(32) hex
  ../Bios/bin/libbios.a (.):  kernel e109(7) hex
  ../Bios/bin/libbios.a (.):  kernel e110(7) hex
  ../Bios/bin/libbios.a (.):  kernel e117(f) hex
  ../Bios/bin/libbios.a (.):  kernel e126(20) hex
  ../Bios/bin/libbios.a (.):  kernel e146(c) hex
  ../Bios/bin/libbios.a (.):  kernel e152(14) hex
  ../Bios/bin/libbios.a (.):  kernel e166(28) hex
  ../Bios/bin/libbios.a (.):  kernel e18e(2f) hex
  main.o:  rodata 8000(57), text b000(4b) hex
  util.o:  text b04b(5d) hex
  get_new_line.o:  data 200(82), text b0a8(53) hex
  on_new_line.o:  data 282(6), text b0fb(1f5) hex


Section mapping (numbers in hex):
------------------------------
  00000200 .data  (size 88, allocated 82)
           00000200 - 00000282 get_new_line.o(data)
           00000282 - 00000288 on_new_line.o(data)
------------------------------
  00008000 .rodata  (size 57, allocated 56)
           00008000 - 00008057 main.o(rodata)
------------------------------
  0000b000 .text  (size 2f0)
           0000b000 - 0000b04b main.o(text)
           0000b04b - 0000b0a8 util.o(text)
           0000b0a8 - 0000b0fb get_new_line.o(text)
           0000b0fb - 0000b2f0 on_new_line.o(text)
           0000b2f0 - 0000b2f0 .()
------------------------------
  0000e000 .kernel  (size 1bd)
           0000e000 - 0000e00e .(kernel)
           0000e00e - 0000e01b .(kernel)
           0000e01b - 0000e01e .(kernel)
           0000e01e - 0000e032 .(kernel)
           0000e032 - 0000e038 .(kernel)
           0000e038 - 0000e07c .(kernel)
           0000e07c - 0000e082 .(kernel)
           0000e082 - 0000e088 .(kernel)
           0000e088 - 0000e09e .(kernel)
           0000e09e - 0000e0b4 .(kernel)
           0000e0b4 - 0000e0d7 .(kernel)
           0000e0d7 - 0000e109 .(kernel)
           0000e109 - 0000e110 .(kernel)
           0000e110 - 0000e117 .(kernel)
           0000e117 - 0000e126 .(kernel)
           0000e126 - 0000e146 .(kernel)
           0000e146 - 0000e152 .(kernel)
           0000e152 - 0000e166 .(kernel)
           0000e166 - 0000e18e .(kernel)
           0000e18e - 0000e1bd .(kernel)
------------------------------
  0000ffea .vectors  (size 16)
           0000ffea - 00010000 .(vectors)


Symbols of .data:
  0x0000 zero_start: local abs, size 0
  0x0000 r0: local abs, size 0
  0x0000 dev_lcd: local abs, size 0
  0x0000 device.ioctl: local abs, size 0
  0x0000 zero_start: local abs, size 0
  0x0000 r0: local abs, size 0
  0x0000 dev_lcd: local abs, size 0
  0x0000 device.ioctl: local abs, size 0
  0x0001 r1: local abs, size 0
  0x0001 r1: local abs, size 0
  0x0002 device.put_char: local abs, size 0
  0x0002 r2: local abs, size 0
  0x0002 device.put_char: local abs, size 0
  0x0002 r2: local abs, size 0
  0x0003 r3: local abs, size 0
  0x0003 r3: local abs, size 0
  0x0004 device.get_char: local abs, size 0
  0x0004 r4: local abs, size 0
  0x0004 device.get_char: local abs, size 0
  0x0004 r4: local abs, size 0
  0x0005 r5: local abs, size 0
  0x0005 r5: local abs, size 0
  0x0006 dev_uart: local abs, size 0
  0x0006 device: local abs, size 0
  0x0006 r6: local abs, size 0
  0x0006 dev_uart: local abs, size 0
  0x0006 device: local abs, size 0
  0x0006 r6: local abs, size 0
  0x0007 r7: local abs, size 0
  0x0007 r7: local abs, size 0
  0x0008 r8: local abs, size 0
  0x0008 r8: local abs, size 0
  0x0009 r9: local abs, size 0
  0x0009 r9: local abs, size 0
  0x000a r10: local abs, size 0
  0x000a r10: local abs, size 0
  0x000b r11: local abs, size 0
  0x000b r11: local abs, size 0
  0x000c r12: local abs, size 0
  0x000c r12: local abs, size 0
  0x000d r13: local abs, size 0
  0x000d r13: local abs, size 0
  0x000e r14: local abs, size 0
  0x000e r14: local abs, size 0
  0x000f r15: local abs, size 0
  0x000f r15: local abs, size 0
  0x0080 zero_user: local abs, size 0
  0x0080 zero_user: local abs, size 0
  0x0100 stck_start: local abs, size 0
  0x0100 stck_start: local abs, size 0
  0x0200 buf_data: global reloc, size 0
  0x0200 bss_user: local abs, size 0
  0x0200 bss_user: local abs, size 0
  0x0280 buf_start: global reloc, size 0
  0x0281 buf_end: global reloc, size 0
  0x0282 state: global reloc, size 0
  0x0283 mem_start: global reloc, size 0
  0x0285 mem_end: global reloc, size 0
  0x0287 mem_val: global reloc, size 0
  0x8000 data_user: local abs, size 0
  0x8000 data_user: local abs, size 0
  0xb000 code_user: local abs, size 0
  0xb000 code_user: local abs, size 0
  0xd000 io_port1: local abs, size 0
  0xd000 io_port1: local abs, size 0
  0xd400 io_port2: local abs, size 0
  0xd400 io_port2: local abs, size 0
  0xd800 io_port3: local abs, size 0
  0xd800 io_port3: local abs, size 0
  0xdc00 portb: local abs, size 0
  0xdc00 io_cia1: local abs, size 0
  0xdc00 portb: local abs, size 0
  0xdc00 io_cia1: local abs, size 0
  0xdc01 porta: local abs, size 0
  0xdc01 porta: local abs, size 0
  0xdc02 ddrb: local abs, size 0
  0xdc02 ddrb: local abs, size 0
  0xdc03 ddra: local abs, size 0
  0xdc03 ddra: local abs, size 0
  0xdc04 t1cl: local abs, size 0
  0xdc04 t1cl: local abs, size 0
  0xdc05 t1ch: local abs, size 0
  0xdc05 t1ch: local abs, size 0
  0xdc06 t1ll: local abs, size 0
  0xdc06 t1ll: local abs, size 0
  0xdc07 t1lh: local abs, size 0
  0xdc07 t1lh: local abs, size 0
  0xdc08 t2ch: local abs, size 0
  0xdc08 t2cl: local abs, size 0
  0xdc08 t2ch: local abs, size 0
  0xdc08 t2cl: local abs, size 0
  0xdc0b acr: local abs, size 0
  0xdc0b acr: local abs, size 0
  0xdc0d ifr: local abs, size 0
  0xdc0d ifr: local abs, size 0
  0xdc0e ier: local abs, size 0
  0xdc0e ier: local abs, size 0
  0xdd00 io_cia2: local abs, size 0
  0xdd00 io_cia2: local abs, size 0
  0xde00 io_usr: local abs, size 0
  0xde00 io_usr: local abs, size 0
  0xdf00 io_irq: local abs, size 0
  0xdf00 io_irq: local abs, size 0
  0xe000 code_start: local abs, size 0
  0xe000 code_start: local abs, size 0
  0xffea inte_start: local abs, size 0
  0xffea inte_start: local abs, size 0

Symbols of .rodata:
  0x8000 greeting: local reloc, size 0
  0x8054 prompt: local reloc, size 0

Symbols of .text:
  0x0000 zero_start: local abs, size 0
  0x0000 r0: local abs, size 0
  0x0000 dev_lcd: local abs, size 0
  0x0000 device.ioctl: local abs, size 0
  0x0000 zero_start: local abs, size 0
  0x0000 r0: local abs, size 0
  0x0000 dev_lcd: local abs, size 0
  0x0000 device.ioctl: local abs, size 0
  0x0000 zero_start: local abs, size 0
  0x0000 r0: local abs, size 0
  0x0000 dev_lcd: local abs, size 0
  0x0000 device.ioctl: local abs, size 0
  0x0001 r1: local abs, size 0
  0x0001 r1: local abs, size 0
  0x0001 r1: local abs, size 0
  0x0002 device.put_char: local abs, size 0
  0x0002 r2: local abs, size 0
  0x0002 device.put_char: local abs, size 0
  0x0002 r2: local abs, size 0
  0x0002 device.put_char: local abs, size 0
  0x0002 r2: local abs, size 0
  0x0003 r3: local abs, size 0
  0x0003 r3: local abs, size 0
  0x0003 r3: local abs, size 0
  0x0004 device.get_char: local abs, size 0
  0x0004 r4: local abs, size 0
  0x0004 device.get_char: local abs, size 0
  0x0004 r4: local abs, size 0
  0x0004 device.get_char: local abs, size 0
  0x0004 r4: local abs, size 0
  0x0005 r5: local abs, size 0
  0x0005 r5: local abs, size 0
  0x0005 r5: local abs, size 0
  0x0006 dev_uart: local abs, size 0
  0x0006 device: local abs, size 0
  0x0006 r6: local abs, size 0
  0x0006 dev_uart: local abs, size 0
  0x0006 device: local abs, size 0
  0x0006 r6: local abs, size 0
  0x0006 dev_uart: local abs, size 0
  0x0006 device: local abs, size 0
  0x0006 r6: local abs, size 0
  0x0007 r7: local abs, size 0
  0x0007 r7: local abs, size 0
  0x0007 r7: local abs, size 0
  0x0008 r8: local abs, size 0
  0x0008 r8: local abs, size 0
  0x0008 r8: local abs, size 0
  0x0009 r9: local abs, size 0
  0x0009 r9: local abs, size 0
  0x0009 r9: local abs, size 0
  0x000a r10: local abs, size 0
  0x000a r10: local abs, size 0
  0x000a r10: local abs, size 0
  0x000b r11: local abs, size 0
  0x000b r11: local abs, size 0
  0x000b r11: local abs, size 0
  0x000c r12: local abs, size 0
  0x000c r12: local abs, size 0
  0x000c r12: local abs, size 0
  0x000d r13: local abs, size 0
  0x000d r13: local abs, size 0
  0x000d r13: local abs, size 0
  0x000e r14: local abs, size 0
  0x000e r14: local abs, size 0
  0x000e r14: local abs, size 0
  0x000f r15: local abs, size 0
  0x000f r15: local abs, size 0
  0x000f r15: local abs, size 0
  0x0010 dev_table: global abs, size 0
  0x0080 zero_user: local abs, size 0
  0x0080 zero_user: local abs, size 0
  0x0080 zero_user: local abs, size 0
  0x0100 stck_start: local abs, size 0
  0x0100 stck_start: local abs, size 0
  0x0100 stck_start: local abs, size 0
  0x0200 bss_user: local abs, size 0
  0x0200 bss_user: local abs, size 0
  0x0200 bss_user: local abs, size 0
  0x8000 data_user: local abs, size 0
  0x8000 data_user: local abs, size 0
  0x8000 data_user: local abs, size 0
  0xb000 code_user: local abs, size 0
  0xb000 main: global reloc, size 0
  0xb000 code_user: local abs, size 0
  0xb000 code_user: local abs, size 0
  0xb026 main_loop: local reloc, size 0
  0xb04b xtob: global reloc, size 0
  0xb051 L0: local reloc, size 0
  0xb059 L1: local reloc, size 0
  0xb05f L2: local reloc, size 0
  0xb067 L3: local reloc, size 0
  0xb06c L4: local reloc, size 0
  0xb072 L5: local reloc, size 0
  0xb073 asl_16: global reloc, size 0
  0xb073 L6: local reloc, size 0
  0xb081 adc_16: global reloc, size 0
  0xb08f inc_16: global reloc, size 0
  0xb09d cmp_16: global reloc, size 0
  0xb0a7 L7: local reloc, size 0
  0xb0a8 get_new_line: global reloc, size 0
  0xb0ab ret_key: local reloc, size 0
  0xb0b2 del_key: local reloc, size 0
  0xb0d7 echo: local reloc, size 0
  0xb0e4 L0: local reloc, size 0
  0xb0f0 return: local reloc, size 0
  0xb0fb on_new_line: global reloc, size 0
  0xb10a state_switch: local reloc, size 0
  0xb118 state_0: local reloc, size 0
  0xb135 L00: local reloc, size 0
  0xb13d state_1: local reloc, size 0
  0xb14a L10: local reloc, size 0
  0xb159 L11: local reloc, size 0
  0xb170 L12: local reloc, size 0
  0xb17f L13: local reloc, size 0
  0xb18e L14: local reloc, size 0
  0xb1bb state_2: local reloc, size 0
  0xb1c8 L20: local reloc, size 0
  0xb1d7 L21: local reloc, size 0
  0xb1fe state_3: local reloc, size 0
  0xb20b L30: local reloc, size 0
  0xb21a L31: local reloc, size 0
  0xb232 state_4: local reloc, size 0
  0xb23c L40: local reloc, size 0
  0xb2af L41: local reloc, size 0
  0xb2bf L42: local reloc, size 0
  0xb2c0 state_5: local reloc, size 0
  0xb2ec L50: local reloc, size 0
  0xb2ed state_6: local reloc, size 0
  0xd000 io_port1: local abs, size 0
  0xd000 io_port1: local abs, size 0
  0xd000 io_port1: local abs, size 0
  0xd400 io_port2: local abs, size 0
  0xd400 io_port2: local abs, size 0
  0xd400 io_port2: local abs, size 0
  0xd800 io_port3: local abs, size 0
  0xd800 io_port3: local abs, size 0
  0xd800 io_port3: local abs, size 0
  0xdc00 portb: local abs, size 0
  0xdc00 io_cia1: local abs, size 0
  0xdc00 portb: local abs, size 0
  0xdc00 io_cia1: local abs, size 0
  0xdc00 portb: local abs, size 0
  0xdc00 io_cia1: local abs, size 0
  0xdc01 porta: local abs, size 0
  0xdc01 porta: local abs, size 0
  0xdc01 porta: local abs, size 0
  0xdc02 ddrb: local abs, size 0
  0xdc02 ddrb: local abs, size 0
  0xdc02 ddrb: local abs, size 0
  0xdc03 ddra: local abs, size 0
  0xdc03 ddra: local abs, size 0
  0xdc03 ddra: local abs, size 0
  0xdc04 t1cl: local abs, size 0
  0xdc04 t1cl: local abs, size 0
  0xdc04 t1cl: local abs, size 0
  0xdc05 t1ch: local abs, size 0
  0xdc05 t1ch: local abs, size 0
  0xdc05 t1ch: local abs, size 0
  0xdc06 t1ll: local abs, size 0
  0xdc06 t1ll: local abs, size 0
  0xdc06 t1ll: local abs, size 0
  0xdc07 t1lh: local abs, size 0
  0xdc07 t1lh: local abs, size 0
  0xdc07 t1lh: local abs, size 0
  0xdc08 t2ch: local abs, size 0
  0xdc08 t2cl: local abs, size 0
  0xdc08 t2ch: local abs, size 0
  0xdc08 t2cl: local abs, size 0
  0xdc08 t2ch: local abs, size 0
  0xdc08 t2cl: local abs, size 0
  0xdc0b acr: local abs, size 0
  0xdc0b acr: local abs, size 0
  0xdc0b acr: local abs, size 0
  0xdc0d ifr: local abs, size 0
  0xdc0d ifr: local abs, size 0
  0xdc0d ifr: local abs, size 0
  0xdc0e ier: local abs, size 0
  0xdc0e ier: local abs, size 0
  0xdc0e ier: local abs, size 0
  0xdd00 io_cia2: local abs, size 0
  0xdd00 io_cia2: local abs, size 0
  0xdd00 io_cia2: local abs, size 0
  0xde00 io_usr: local abs, size 0
  0xde00 io_usr: local abs, size 0
  0xde00 io_usr: local abs, size 0
  0xdf00 io_irq: local abs, size 0
  0xdf00 io_irq: local abs, size 0
  0xdf00 io_irq: local abs, size 0
  0xe000 code_start: local abs, size 0
  0xe000 code_start: local abs, size 0
  0xe000 code_start: local abs, size 0
  0xffea inte_start: local abs, size 0
  0xffea inte_start: local abs, size 0
  0xffea inte_start: local abs, size 0

Symbols of .kernel:
  0x0000 zero_start: local abs, size 0
  0x0000 r0: local abs, size 0
  0x0000 zero_start: local abs, size 0
  0x0000 r0: local abs, size 0
  0x0000 zero_start: local abs, size 0
  0x0000 r0: local abs, size 0
  0x0000 zero_start: local abs, size 0
  0x0000 r0: local abs, size 0
  0x0000 zero_start: local abs, size 0
  0x0000 r0: local abs, size 0
  0x0000 zero_start: local abs, size 0
  0x0000 r0: local abs, size 0
  0x0000 dev_lcd: local abs, size 0
  0x0000 device.ioctl: local abs, size 0
  0x0000 zero_start: local abs, size 0
  0x0000 r0: local abs, size 0
  0x0000 zero_start: local abs, size 0
  0x0000 r0: local abs, size 0
  0x0000 zero_start: local abs, size 0
  0x0000 r0: local abs, size 0
  0x0000 zero_start: local abs, size 0
  0x0000 r0: local abs, size 0
  0x0000 zero_start: local abs, size 0
  0x0000 r0: local abs, size 0
  0x0000 zero_start: local abs, size 0
  0x0000 r0: local abs, size 0
  0x0000 dev_lcd: local abs, size 0
  0x0000 device.ioctl: local abs, size 0
  0x0000 zero_start: local abs, size 0
  0x0000 r0: local abs, size 0
  0x0000 zero_start: local abs, size 0
  0x0000 r0: local abs, size 0
  0x0000 zero_start: local abs, size 0
  0x0000 r0: local abs, size 0
  0x0000 zero_start: local abs, size 0
  0x0000 r0: local abs, size 0
  0x0000 zero_start: local abs, size 0
  0x0000 r0: local abs, size 0
  0x0000 dev_lcd: local abs, size 0
  0x0000 device.ioctl: local abs, size 0
  0x0000 zero_start: local abs, size 0
  0x0000 r0: local abs, size 0
  0x0000 dev_lcd: local abs, size 0
  0x0000 device.ioctl: local abs, size 0
  0x0000 zero_start: local abs, size 0
  0x0000 r0: local abs, size 0
  0x0000 dev_lcd: local abs, size 0
  0x0000 device.ioctl: local abs, size 0
  0x0000 zero_start: local abs, size 0
  0x0000 r0: local abs, size 0
  0x0000 dev_lcd: local abs, size 0
  0x0000 device.ioctl: local abs, size 0
  0x0001 r1: local abs, size 0
  0x0001 r1: local abs, size 0
  0x0001 r1: local abs, size 0
  0x0001 r1: local abs, size 0
  0x0001 r1: local abs, size 0
  0x0001 r1: local abs, size 0
  0x0001 r1: local abs, size 0
  0x0001 r1: local abs, size 0
  0x0001 r1: local abs, size 0
  0x0001 r1: local abs, size 0
  0x0001 r1: local abs, size 0
  0x0001 r1: local abs, size 0
  0x0001 r1: local abs, size 0
  0x0001 r1: local abs, size 0
  0x0001 r1: local abs, size 0
  0x0001 r1: local abs, size 0
  0x0001 r1: local abs, size 0
  0x0001 r1: local abs, size 0
  0x0001 r1: local abs, size 0
  0x0001 r1: local abs, size 0
  0x0002 r2: local abs, size 0
  0x0002 r2: local abs, size 0
  0x0002 r2: local abs, size 0
  0x0002 r2: local abs, size 0
  0x0002 r2: local abs, size 0
  0x0002 device.put_char: local abs, size 0
  0x0002 r2: local abs, size 0
  0x0002 r2: local abs, size 0
  0x0002 r2: local abs, size 0
  0x0002 r2: local abs, size 0
  0x0002 r2: local abs, size 0
  0x0002 r2: local abs, size 0
  0x0002 device.put_char: local abs, size 0
  0x0002 r2: local abs, size 0
  0x0002 r2: local abs, size 0
  0x0002 r2: local abs, size 0
  0x0002 r2: local abs, size 0
  0x0002 r2: local abs, size 0
  0x0002 device.put_char: local abs, size 0
  0x0002 r2: local abs, size 0
  0x0002 device.put_char: local abs, size 0
  0x0002 r2: local abs, size 0
  0x0002 device.put_char: local abs, size 0
  0x0002 r2: local abs, size 0
  0x0002 device.put_char: local abs, size 0
  0x0002 r2: local abs, size 0
  0x0003 r3: local abs, size 0
  0x0003 r3: local abs, size 0
  0x0003 r3: local abs, size 0
  0x0003 r3: local abs, size 0
  0x0003 r3: local abs, size 0
  0x0003 r3: local abs, size 0
  0x0003 r3: local abs, size 0
  0x0003 r3: local abs, size 0
  0x0003 r3: local abs, size 0
  0x0003 r3: local abs, size 0
  0x0003 r3: local abs, size 0
  0x0003 r3: local abs, size 0
  0x0003 r3: local abs, size 0
  0x0003 r3: local abs, size 0
  0x0003 r3: local abs, size 0
  0x0003 r3: local abs, size 0
  0x0003 r3: local abs, size 0
  0x0003 r3: local abs, size 0
  0x0003 r3: local abs, size 0
  0x0003 r3: local abs, size 0
  0x0004 r4: local abs, size 0
  0x0004 r4: local abs, size 0
  0x0004 r4: local abs, size 0
  0x0004 r4: local abs, size 0
  0x0004 r4: local abs, size 0
  0x0004 device.get_char: local abs, size 0
  0x0004 r4: local abs, size 0
  0x0004 r4: local abs, size 0
  0x0004 r4: local abs, size 0
  0x0004 r4: local abs, size 0
  0x0004 r4: local abs, size 0
  0x0004 r4: local abs, size 0
  0x0004 device.get_char: local abs, size 0
  0x0004 r4: local abs, size 0
  0x0004 r4: local abs, size 0
  0x0004 r4: local abs, size 0
  0x0004 r4: local abs, size 0
  0x0004 r4: local abs, size 0
  0x0004 device.get_char: local abs, size 0
  0x0004 r4: local abs, size 0
  0x0004 device.get_char: local abs, size 0
  0x0004 r4: local abs, size 0
  0x0004 device.get_char: local abs, size 0
  0x0004 r4: local abs, size 0
  0x0004 device.get_char: local abs, size 0
  0x0004 r4: local abs, size 0
  0x0005 r5: local abs, size 0
  0x0005 r5: local abs, size 0
  0x0005 r5: local abs, size 0
  0x0005 r5: local abs, size 0
  0x0005 r5: local abs, size 0
  0x0005 r5: local abs, size 0
  0x0005 r5: local abs, size 0
  0x0005 r5: local abs, size 0
  0x0005 r5: local abs, size 0
  0x0005 r5: local abs, size 0
  0x0005 r5: local abs, size 0
  0x0005 r5: local abs, size 0
  0x0005 r5: local abs, size 0
  0x0005 r5: local abs, size 0
  0x0005 r5: local abs, size 0
  0x0005 r5: local abs, size 0
  0x0005 r5: local abs, size 0
  0x0005 r5: local abs, size 0
  0x0005 r5: local abs, size 0
  0x0005 r5: local abs, size 0
  0x0006 r6: local abs, size 0
  0x0006 r6: local abs, size 0
  0x0006 r6: local abs, size 0
  0x0006 r6: local abs, size 0
  0x0006 r6: local abs, size 0
  0x0006 dev_uart: local abs, size 0
  0x0006 device: local abs, size 0
  0x0006 r6: local abs, size 0
  0x0006 r6: local abs, size 0
  0x0006 r6: local abs, size 0
  0x0006 r6: local abs, size 0
  0x0006 r6: local abs, size 0
  0x0006 r6: local abs, size 0
  0x0006 dev_uart: local abs, size 0
  0x0006 device: local abs, size 0
  0x0006 r6: local abs, size 0
  0x0006 r6: local abs, size 0
  0x0006 r6: local abs, size 0
  0x0006 r6: local abs, size 0
  0x0006 r6: local abs, size 0
  0x0006 dev_uart: local abs, size 0
  0x0006 device: local abs, size 0
  0x0006 r6: local abs, size 0
  0x0006 dev_uart: local abs, size 0
  0x0006 device: local abs, size 0
  0x0006 r6: local abs, size 0
  0x0006 dev_uart: local abs, size 0
  0x0006 device: local abs, size 0
  0x0006 r6: local abs, size 0
  0x0006 dev_uart: local abs, size 0
  0x0006 device: local abs, size 0
  0x0006 r6: local abs, size 0
  0x0007 r7: local abs, size 0
  0x0007 r7: local abs, size 0
  0x0007 r7: local abs, size 0
  0x0007 r7: local abs, size 0
  0x0007 r7: local abs, size 0
  0x0007 r7: local abs, size 0
  0x0007 r7: local abs, size 0
  0x0007 r7: local abs, size 0
  0x0007 r7: local abs, size 0
  0x0007 r7: local abs, size 0
  0x0007 r7: local abs, size 0
  0x0007 r7: local abs, size 0
  0x0007 r7: local abs, size 0
  0x0007 r7: local abs, size 0
  0x0007 r7: local abs, size 0
  0x0007 r7: local abs, size 0
  0x0007 r7: local abs, size 0
  0x0007 r7: local abs, size 0
  0x0007 r7: local abs, size 0
  0x0007 r7: local abs, size 0
  0x0008 r8: local abs, size 0
  0x0008 r8: local abs, size 0
  0x0008 r8: local abs, size 0
  0x0008 r8: local abs, size 0
  0x0008 r8: local abs, size 0
  0x0008 r8: local abs, size 0
  0x0008 r8: local abs, size 0
  0x0008 r8: local abs, size 0
  0x0008 r8: local abs, size 0
  0x0008 r8: local abs, size 0
  0x0008 r8: local abs, size 0
  0x0008 r8: local abs, size 0
  0x0008 r8: local abs, size 0
  0x0008 r8: local abs, size 0
  0x0008 r8: local abs, size 0
  0x0008 r8: local abs, size 0
  0x0008 r8: local abs, size 0
  0x0008 r8: local abs, size 0
  0x0008 r8: local abs, size 0
  0x0008 r8: local abs, size 0
  0x0009 r9: local abs, size 0
  0x0009 r9: local abs, size 0
  0x0009 r9: local abs, size 0
  0x0009 r9: local abs, size 0
  0x0009 r9: local abs, size 0
  0x0009 r9: local abs, size 0
  0x0009 r9: local abs, size 0
  0x0009 r9: local abs, size 0
  0x0009 r9: local abs, size 0
  0x0009 r9: local abs, size 0
  0x0009 r9: local abs, size 0
  0x0009 r9: local abs, size 0
  0x0009 r9: local abs, size 0
  0x0009 r9: local abs, size 0
  0x0009 r9: local abs, size 0
  0x0009 r9: local abs, size 0
  0x0009 r9: local abs, size 0
  0x0009 r9: local abs, size 0
  0x0009 r9: local abs, size 0
  0x0009 r9: local abs, size 0
  0x000a r10: local abs, size 0
  0x000a r10: local abs, size 0
  0x000a r10: local abs, size 0
  0x000a r10: local abs, size 0
  0x000a r10: local abs, size 0
  0x000a r10: local abs, size 0
  0x000a r10: local abs, size 0
  0x000a r10: local abs, size 0
  0x000a r10: local abs, size 0
  0x000a r10: local abs, size 0
  0x000a r10: local abs, size 0
  0x000a r10: local abs, size 0
  0x000a r10: local abs, size 0
  0x000a r10: local abs, size 0
  0x000a r10: local abs, size 0
  0x000a r10: local abs, size 0
  0x000a r10: local abs, size 0
  0x000a r10: local abs, size 0
  0x000a r10: local abs, size 0
  0x000a r10: local abs, size 0
  0x000b r11: local abs, size 0
  0x000b r11: local abs, size 0
  0x000b r11: local abs, size 0
  0x000b r11: local abs, size 0
  0x000b r11: local abs, size 0
  0x000b r11: local abs, size 0
  0x000b r11: local abs, size 0
  0x000b r11: local abs, size 0
  0x000b r11: local abs, size 0
  0x000b r11: local abs, size 0
  0x000b r11: local abs, size 0
  0x000b r11: local abs, size 0
  0x000b r11: local abs, size 0
  0x000b r11: local abs, size 0
  0x000b r11: local abs, size 0
  0x000b r11: local abs, size 0
  0x000b r11: local abs, size 0
  0x000b r11: local abs, size 0
  0x000b r11: local abs, size 0
  0x000b r11: local abs, size 0
  0x000c r12: local abs, size 0
  0x000c r12: local abs, size 0
  0x000c r12: local abs, size 0
  0x000c r12: local abs, size 0
  0x000c r12: local abs, size 0
  0x000c r12: local abs, size 0
  0x000c r12: local abs, size 0
  0x000c r12: local abs, size 0
  0x000c r12: local abs, size 0
  0x000c r12: local abs, size 0
  0x000c r12: local abs, size 0
  0x000c r12: local abs, size 0
  0x000c r12: local abs, size 0
  0x000c r12: local abs, size 0
  0x000c r12: local abs, size 0
  0x000c r12: local abs, size 0
  0x000c r12: local abs, size 0
  0x000c r12: local abs, size 0
  0x000c r12: local abs, size 0
  0x000c r12: local abs, size 0
  0x000d r13: local abs, size 0
  0x000d r13: local abs, size 0
  0x000d r13: local abs, size 0
  0x000d r13: local abs, size 0
  0x000d r13: local abs, size 0
  0x000d r13: local abs, size 0
  0x000d r13: local abs, size 0
  0x000d r13: local abs, size 0
  0x000d r13: local abs, size 0
  0x000d r13: local abs, size 0
  0x000d r13: local abs, size 0
  0x000d r13: local abs, size 0
  0x000d r13: local abs, size 0
  0x000d r13: local abs, size 0
  0x000d r13: local abs, size 0
  0x000d r13: local abs, size 0
  0x000d r13: local abs, size 0
  0x000d r13: local abs, size 0
  0x000d r13: local abs, size 0
  0x000d r13: local abs, size 0
  0x000e r14: local abs, size 0
  0x000e r14: local abs, size 0
  0x000e r14: local abs, size 0
  0x000e r14: local abs, size 0
  0x000e r14: local abs, size 0
  0x000e r14: local abs, size 0
  0x000e r14: local abs, size 0
  0x000e r14: local abs, size 0
  0x000e r14: local abs, size 0
  0x000e r14: local abs, size 0
  0x000e r14: local abs, size 0
  0x000e r14: local abs, size 0
  0x000e r14: local abs, size 0
  0x000e r14: local abs, size 0
  0x000e r14: local abs, size 0
  0x000e r14: local abs, size 0
  0x000e r14: local abs, size 0
  0x000e r14: local abs, size 0
  0x000e r14: local abs, size 0
  0x000e r14: local abs, size 0
  0x000f r15: local abs, size 0
  0x000f r15: local abs, size 0
  0x000f r15: local abs, size 0
  0x000f r15: local abs, size 0
  0x000f r15: local abs, size 0
  0x000f r15: local abs, size 0
  0x000f r15: local abs, size 0
  0x000f r15: local abs, size 0
  0x000f r15: local abs, size 0
  0x000f r15: local abs, size 0
  0x000f r15: local abs, size 0
  0x000f r15: local abs, size 0
  0x000f r15: local abs, size 0
  0x000f r15: local abs, size 0
  0x000f r15: local abs, size 0
  0x000f r15: local abs, size 0
  0x000f r15: local abs, size 0
  0x000f r15: local abs, size 0
  0x000f r15: local abs, size 0
  0x000f r15: local abs, size 0
  0x0010 uart_status_tde: local abs, size 0
  0x0010 uart_status_tde: local abs, size 0
  0x0010 uart_status_tde: local abs, size 0
  0x0010 uart_status_tde: local abs, size 0
  0x0010 uart_status_tde: local abs, size 0
  0x0020 lcd_rs: local abs, size 0
  0x0020 lcd_rs: local abs, size 0
  0x0020 lcd_rs: local abs, size 0
  0x0020 lcd_rs: local abs, size 0
  0x0020 lcd_rs: local abs, size 0
  0x0020 lcd_rs: local abs, size 0
  0x0040 lcd_rw: local abs, size 0
  0x0040 lcd_rw: local abs, size 0
  0x0040 lcd_rw: local abs, size 0
  0x0040 lcd_rw: local abs, size 0
  0x0040 lcd_rw: local abs, size 0
  0x0040 lcd_rw: local abs, size 0
  0x0080 zero_user: local abs, size 0
  0x0080 zero_user: local abs, size 0
  0x0080 zero_user: local abs, size 0
  0x0080 zero_user: local abs, size 0
  0x0080 zero_user: local abs, size 0
  0x0080 zero_user: local abs, size 0
  0x0080 lcd_en: local abs, size 0
  0x0080 zero_user: local abs, size 0
  0x0080 lcd_en: local abs, size 0
  0x0080 zero_user: local abs, size 0
  0x0080 lcd_en: local abs, size 0
  0x0080 zero_user: local abs, size 0
  0x0080 lcd_en: local abs, size 0
  0x0080 zero_user: local abs, size 0
  0x0080 lcd_en: local abs, size 0
  0x0080 zero_user: local abs, size 0
  0x0080 lcd_en: local abs, size 0
  0x0080 zero_user: local abs, size 0
  0x0080 zero_user: local abs, size 0
  0x0080 zero_user: local abs, size 0
  0x0080 zero_user: local abs, size 0
  0x0080 zero_user: local abs, size 0
  0x0080 zero_user: local abs, size 0
  0x0080 zero_user: local abs, size 0
  0x0080 zero_user: local abs, size 0
  0x0080 zero_user: local abs, size 0
  0x0100 stck_start: local abs, size 0
  0x0100 stck_start: local abs, size 0
  0x0100 stck_start: local abs, size 0
  0x0100 stck_start: local abs, size 0
  0x0100 stck_start: local abs, size 0
  0x0100 stck_start: local abs, size 0
  0x0100 stck_start: local abs, size 0
  0x0100 stck_start: local abs, size 0
  0x0100 stck_start: local abs, size 0
  0x0100 stck_start: local abs, size 0
  0x0100 stck_start: local abs, size 0
  0x0100 stck_start: local abs, size 0
  0x0100 stck_start: local abs, size 0
  0x0100 stck_start: local abs, size 0
  0x0100 stck_start: local abs, size 0
  0x0100 stck_start: local abs, size 0
  0x0100 stck_start: local abs, size 0
  0x0100 stck_start: local abs, size 0
  0x0100 stck_start: local abs, size 0
  0x0100 stck_start: local abs, size 0
  0x0200 bss_user: local abs, size 0
  0x0200 bss_user: local abs, size 0
  0x0200 bss_user: local abs, size 0
  0x0200 bss_user: local abs, size 0
  0x0200 bss_user: local abs, size 0
  0x0200 bss_user: local abs, size 0
  0x0200 bss_user: local abs, size 0
  0x0200 bss_user: local abs, size 0
  0x0200 bss_user: local abs, size 0
  0x0200 bss_user: local abs, size 0
  0x0200 bss_user: local abs, size 0
  0x0200 bss_user: local abs, size 0
  0x0200 bss_user: local abs, size 0
  0x0200 bss_user: local abs, size 0
  0x0200 bss_user: local abs, size 0
  0x0200 bss_user: local abs, size 0
  0x0200 bss_user: local abs, size 0
  0x0200 bss_user: local abs, size 0
  0x0200 bss_user: local abs, size 0
  0x0200 bss_user: local abs, size 0
  0x8000 data_user: local abs, size 0
  0x8000 data_user: local abs, size 0
  0x8000 data_user: local abs, size 0
  0x8000 data_user: local abs, size 0
  0x8000 data_user: local abs, size 0
  0x8000 data_user: local abs, size 0
  0x8000 data_user: local abs, size 0
  0x8000 data_user: local abs, size 0
  0x8000 data_user: local abs, size 0
  0x8000 data_user: local abs, size 0
  0x8000 data_user: local abs, size 0
  0x8000 data_user: local abs, size 0
  0x8000 data_user: local abs, size 0
  0x8000 data_user: local abs, size 0
  0x8000 data_user: local abs, size 0
  0x8000 data_user: local abs, size 0
  0x8000 data_user: local abs, size 0
  0x8000 data_user: local abs, size 0
  0x8000 data_user: local abs, size 0
  0x8000 data_user: local abs, size 0
  0xb000 code_user: local abs, size 0
  0xb000 code_user: local abs, size 0
  0xb000 code_user: local abs, size 0
  0xb000 code_user: local abs, size 0
  0xb000 code_user: local abs, size 0
  0xb000 code_user: local abs, size 0
  0xb000 code_user: local abs, size 0
  0xb000 code_user: local abs, size 0
  0xb000 code_user: local abs, size 0
  0xb000 code_user: local abs, size 0
  0xb000 code_user: local abs, size 0
  0xb000 code_user: local abs, size 0
  0xb000 code_user: local abs, size 0
  0xb000 code_user: local abs, size 0
  0xb000 code_user: local abs, size 0
  0xb000 code_user: local abs, size 0
  0xb000 code_user: local abs, size 0
  0xb000 code_user: local abs, size 0
  0xb000 code_user: local abs, size 0
  0xb000 code_user: local abs, size 0
  0xd000 io_port1: local abs, size 0
  0xd000 io_port1: local abs, size 0
  0xd000 io_port1: local abs, size 0
  0xd000 io_port1: local abs, size 0
  0xd000 io_port1: local abs, size 0
  0xd000 io_port1: local abs, size 0
  0xd000 io_port1: local abs, size 0
  0xd000 io_port1: local abs, size 0
  0xd000 io_port1: local abs, size 0
  0xd000 io_port1: local abs, size 0
  0xd000 io_port1: local abs, size 0
  0xd000 io_port1: local abs, size 0
  0xd000 io_port1: local abs, size 0
  0xd000 io_port1: local abs, size 0
  0xd000 io_port1: local abs, size 0
  0xd000 io_port1: local abs, size 0
  0xd000 io_port1: local abs, size 0
  0xd000 io_port1: local abs, size 0
  0xd000 io_port1: local abs, size 0
  0xd000 io_port1: local abs, size 0
  0xd400 io_port2: local abs, size 0
  0xd400 io_port2: local abs, size 0
  0xd400 io_port2: local abs, size 0
  0xd400 io_port2: local abs, size 0
  0xd400 io_port2: local abs, size 0
  0xd400 io_port2: local abs, size 0
  0xd400 io_port2: local abs, size 0
  0xd400 io_port2: local abs, size 0
  0xd400 io_port2: local abs, size 0
  0xd400 io_port2: local abs, size 0
  0xd400 io_port2: local abs, size 0
  0xd400 io_port2: local abs, size 0
  0xd400 io_port2: local abs, size 0
  0xd400 io_port2: local abs, size 0
  0xd400 io_port2: local abs, size 0
  0xd400 io_port2: local abs, size 0
  0xd400 io_port2: local abs, size 0
  0xd400 io_port2: local abs, size 0
  0xd400 io_port2: local abs, size 0
  0xd400 io_port2: local abs, size 0
  0xd800 io_port3: local abs, size 0
  0xd800 io_port3: local abs, size 0
  0xd800 io_port3: local abs, size 0
  0xd800 io_port3: local abs, size 0
  0xd800 io_port3: local abs, size 0
  0xd800 io_port3: local abs, size 0
  0xd800 io_port3: local abs, size 0
  0xd800 io_port3: local abs, size 0
  0xd800 io_port3: local abs, size 0
  0xd800 io_port3: local abs, size 0
  0xd800 io_port3: local abs, size 0
  0xd800 uart_data_reg: local abs, size 0
  0xd800 io_port3: local abs, size 0
  0xd800 uart_port: local abs, size 0
  0xd800 uart_data_reg: local abs, size 0
  0xd800 io_port3: local abs, size 0
  0xd800 uart_port: local abs, size 0
  0xd800 uart_data_reg: local abs, size 0
  0xd800 io_port3: local abs, size 0
  0xd800 uart_port: local abs, size 0
  0xd800 uart_data_reg: local abs, size 0
  0xd800 io_port3: local abs, size 0
  0xd800 uart_port: local abs, size 0
  0xd800 uart_data_reg: local abs, size 0
  0xd800 io_port3: local abs, size 0
  0xd800 uart_port: local abs, size 0
  0xd800 io_port3: local abs, size 0
  0xd800 io_port3: local abs, size 0
  0xd800 io_port3: local abs, size 0
  0xd800 io_port3: local abs, size 0
  0xd801 uart_status_reg: local abs, size 0
  0xd801 uart_status_reg: local abs, size 0
  0xd801 uart_status_reg: local abs, size 0
  0xd801 uart_status_reg: local abs, size 0
  0xd801 uart_status_reg: local abs, size 0
  0xd802 uart_command_reg: local abs, size 0
  0xd802 uart_command_reg: local abs, size 0
  0xd802 uart_command_reg: local abs, size 0
  0xd802 uart_command_reg: local abs, size 0
  0xd802 uart_command_reg: local abs, size 0
  0xd803 uart_control_reg: local abs, size 0
  0xd803 uart_control_reg: local abs, size 0
  0xd803 uart_control_reg: local abs, size 0
  0xd803 uart_control_reg: local abs, size 0
  0xd803 uart_control_reg: local abs, size 0
  0xdc00 portb: local abs, size 0
  0xdc00 io_cia1: local abs, size 0
  0xdc00 portb: local abs, size 0
  0xdc00 io_cia1: local abs, size 0
  0xdc00 portb: local abs, size 0
  0xdc00 io_cia1: local abs, size 0
  0xdc00 portb: local abs, size 0
  0xdc00 io_cia1: local abs, size 0
  0xdc00 portb: local abs, size 0
  0xdc00 io_cia1: local abs, size 0
  0xdc00 portb: local abs, size 0
  0xdc00 io_cia1: local abs, size 0
  0xdc00 portb: local abs, size 0
  0xdc00 io_cia1: local abs, size 0
  0xdc00 portb: local abs, size 0
  0xdc00 io_cia1: local abs, size 0
  0xdc00 portb: local abs, size 0
  0xdc00 io_cia1: local abs, size 0
  0xdc00 portb: local abs, size 0
  0xdc00 io_cia1: local abs, size 0
  0xdc00 portb: local abs, size 0
  0xdc00 io_cia1: local abs, size 0
  0xdc00 portb: local abs, size 0
  0xdc00 io_cia1: local abs, size 0
  0xdc00 portb: local abs, size 0
  0xdc00 io_cia1: local abs, size 0
  0xdc00 portb: local abs, size 0
  0xdc00 io_cia1: local abs, size 0
  0xdc00 portb: local abs, size 0
  0xdc00 io_cia1: local abs, size 0
  0xdc00 portb: local abs, size 0
  0xdc00 io_cia1: local abs, size 0
  0xdc00 portb: local abs, size 0
  0xdc00 io_cia1: local abs, size 0
  0xdc00 portb: local abs, size 0
  0xdc00 io_cia1: local abs, size 0
  0xdc00 portb: local abs, size 0
  0xdc00 io_cia1: local abs, size 0
  0xdc00 portb: local abs, size 0
  0xdc00 io_cia1: local abs, size 0
  0xdc01 porta: local abs, size 0
  0xdc01 porta: local abs, size 0
  0xdc01 porta: local abs, size 0
  0xdc01 porta: local abs, size 0
  0xdc01 porta: local abs, size 0
  0xdc01 porta: local abs, size 0
  0xdc01 porta: local abs, size 0
  0xdc01 porta: local abs, size 0
  0xdc01 porta: local abs, size 0
  0xdc01 porta: local abs, size 0
  0xdc01 porta: local abs, size 0
  0xdc01 porta: local abs, size 0
  0xdc01 porta: local abs, size 0
  0xdc01 porta: local abs, size 0
  0xdc01 porta: local abs, size 0
  0xdc01 porta: local abs, size 0
  0xdc01 porta: local abs, size 0
  0xdc01 porta: local abs, size 0
  0xdc01 porta: local abs, size 0
  0xdc01 porta: local abs, size 0
  0xdc02 ddrb: local abs, size 0
  0xdc02 ddrb: local abs, size 0
  0xdc02 ddrb: local abs, size 0
  0xdc02 ddrb: local abs, size 0
  0xdc02 ddrb: local abs, size 0
  0xdc02 ddrb: local abs, size 0
  0xdc02 ddrb: local abs, size 0
  0xdc02 ddrb: local abs, size 0
  0xdc02 ddrb: local abs, size 0
  0xdc02 ddrb: local abs, size 0
  0xdc02 ddrb: local abs, size 0
  0xdc02 ddrb: local abs, size 0
  0xdc02 ddrb: local abs, size 0
  0xdc02 ddrb: local abs, size 0
  0xdc02 ddrb: local abs, size 0
  0xdc02 ddrb: local abs, size 0
  0xdc02 ddrb: local abs, size 0
  0xdc02 ddrb: local abs, size 0
  0xdc02 ddrb: local abs, size 0
  0xdc02 ddrb: local abs, size 0
  0xdc03 ddra: local abs, size 0
  0xdc03 ddra: local abs, size 0
  0xdc03 ddra: local abs, size 0
  0xdc03 ddra: local abs, size 0
  0xdc03 ddra: local abs, size 0
  0xdc03 ddra: local abs, size 0
  0xdc03 ddra: local abs, size 0
  0xdc03 ddra: local abs, size 0
  0xdc03 ddra: local abs, size 0
  0xdc03 ddra: local abs, size 0
  0xdc03 ddra: local abs, size 0
  0xdc03 ddra: local abs, size 0
  0xdc03 ddra: local abs, size 0
  0xdc03 ddra: local abs, size 0
  0xdc03 ddra: local abs, size 0
  0xdc03 ddra: local abs, size 0
  0xdc03 ddra: local abs, size 0
  0xdc03 ddra: local abs, size 0
  0xdc03 ddra: local abs, size 0
  0xdc03 ddra: local abs, size 0
  0xdc04 t1cl: local abs, size 0
  0xdc04 t1cl: local abs, size 0
  0xdc04 t1cl: local abs, size 0
  0xdc04 t1cl: local abs, size 0
  0xdc04 t1cl: local abs, size 0
  0xdc04 t1cl: local abs, size 0
  0xdc04 t1cl: local abs, size 0
  0xdc04 t1cl: local abs, size 0
  0xdc04 t1cl: local abs, size 0
  0xdc04 t1cl: local abs, size 0
  0xdc04 t1cl: local abs, size 0
  0xdc04 t1cl: local abs, size 0
  0xdc04 t1cl: local abs, size 0
  0xdc04 t1cl: local abs, size 0
  0xdc04 t1cl: local abs, size 0
  0xdc04 t1cl: local abs, size 0
  0xdc04 t1cl: local abs, size 0
  0xdc04 t1cl: local abs, size 0
  0xdc04 t1cl: local abs, size 0
  0xdc04 t1cl: local abs, size 0
  0xdc05 t1ch: local abs, size 0
  0xdc05 t1ch: local abs, size 0
  0xdc05 t1ch: local abs, size 0
  0xdc05 t1ch: local abs, size 0
  0xdc05 t1ch: local abs, size 0
  0xdc05 t1ch: local abs, size 0
  0xdc05 t1ch: local abs, size 0
  0xdc05 t1ch: local abs, size 0
  0xdc05 t1ch: local abs, size 0
  0xdc05 t1ch: local abs, size 0
  0xdc05 t1ch: local abs, size 0
  0xdc05 t1ch: local abs, size 0
  0xdc05 t1ch: local abs, size 0
  0xdc05 t1ch: local abs, size 0
  0xdc05 t1ch: local abs, size 0
  0xdc05 t1ch: local abs, size 0
  0xdc05 t1ch: local abs, size 0
  0xdc05 t1ch: local abs, size 0
  0xdc05 t1ch: local abs, size 0
  0xdc05 t1ch: local abs, size 0
  0xdc06 t1ll: local abs, size 0
  0xdc06 t1ll: local abs, size 0
  0xdc06 t1ll: local abs, size 0
  0xdc06 t1ll: local abs, size 0
  0xdc06 t1ll: local abs, size 0
  0xdc06 t1ll: local abs, size 0
  0xdc06 t1ll: local abs, size 0
  0xdc06 t1ll: local abs, size 0
  0xdc06 t1ll: local abs, size 0
  0xdc06 t1ll: local abs, size 0
  0xdc06 t1ll: local abs, size 0
  0xdc06 t1ll: local abs, size 0
  0xdc06 t1ll: local abs, size 0
  0xdc06 t1ll: local abs, size 0
  0xdc06 t1ll: local abs, size 0
  0xdc06 t1ll: local abs, size 0
  0xdc06 t1ll: local abs, size 0
  0xdc06 t1ll: local abs, size 0
  0xdc06 t1ll: local abs, size 0
  0xdc06 t1ll: local abs, size 0
  0xdc07 t1lh: local abs, size 0
  0xdc07 t1lh: local abs, size 0
  0xdc07 t1lh: local abs, size 0
  0xdc07 t1lh: local abs, size 0
  0xdc07 t1lh: local abs, size 0
  0xdc07 t1lh: local abs, size 0
  0xdc07 t1lh: local abs, size 0
  0xdc07 t1lh: local abs, size 0
  0xdc07 t1lh: local abs, size 0
  0xdc07 t1lh: local abs, size 0
  0xdc07 t1lh: local abs, size 0
  0xdc07 t1lh: local abs, size 0
  0xdc07 t1lh: local abs, size 0
  0xdc07 t1lh: local abs, size 0
  0xdc07 t1lh: local abs, size 0
  0xdc07 t1lh: local abs, size 0
  0xdc07 t1lh: local abs, size 0
  0xdc07 t1lh: local abs, size 0
  0xdc07 t1lh: local abs, size 0
  0xdc07 t1lh: local abs, size 0
  0xdc08 t2ch: local abs, size 0
  0xdc08 t2cl: local abs, size 0
  0xdc08 t2ch: local abs, size 0
  0xdc08 t2cl: local abs, size 0
  0xdc08 t2ch: local abs, size 0
  0xdc08 t2cl: local abs, size 0
  0xdc08 t2ch: local abs, size 0
  0xdc08 t2cl: local abs, size 0
  0xdc08 t2ch: local abs, size 0
  0xdc08 t2cl: local abs, size 0
  0xdc08 t2ch: local abs, size 0
  0xdc08 t2cl: local abs, size 0
  0xdc08 t2ch: local abs, size 0
  0xdc08 t2cl: local abs, size 0
  0xdc08 t2ch: local abs, size 0
  0xdc08 t2cl: local abs, size 0
  0xdc08 t2ch: local abs, size 0
  0xdc08 t2cl: local abs, size 0
  0xdc08 t2ch: local abs, size 0
  0xdc08 t2cl: local abs, size 0
  0xdc08 t2ch: local abs, size 0
  0xdc08 t2cl: local abs, size 0
  0xdc08 t2ch: local abs, size 0
  0xdc08 t2cl: local abs, size 0
  0xdc08 t2ch: local abs, size 0
  0xdc08 t2cl: local abs, size 0
  0xdc08 t2ch: local abs, size 0
  0xdc08 t2cl: local abs, size 0
  0xdc08 t2ch: local abs, size 0
  0xdc08 t2cl: local abs, size 0
  0xdc08 t2ch: local abs, size 0
  0xdc08 t2cl: local abs, size 0
  0xdc08 t2ch: local abs, size 0
  0xdc08 t2cl: local abs, size 0
  0xdc08 t2ch: local abs, size 0
  0xdc08 t2cl: local abs, size 0
  0xdc08 t2ch: local abs, size 0
  0xdc08 t2cl: local abs, size 0
  0xdc08 t2ch: local abs, size 0
  0xdc08 t2cl: local abs, size 0
  0xdc0b acr: local abs, size 0
  0xdc0b acr: local abs, size 0
  0xdc0b acr: local abs, size 0
  0xdc0b acr: local abs, size 0
  0xdc0b acr: local abs, size 0
  0xdc0b acr: local abs, size 0
  0xdc0b acr: local abs, size 0
  0xdc0b acr: local abs, size 0
  0xdc0b acr: local abs, size 0
  0xdc0b acr: local abs, size 0
  0xdc0b acr: local abs, size 0
  0xdc0b acr: local abs, size 0
  0xdc0b acr: local abs, size 0
  0xdc0b acr: local abs, size 0
  0xdc0b acr: local abs, size 0
  0xdc0b acr: local abs, size 0
  0xdc0b acr: local abs, size 0
  0xdc0b acr: local abs, size 0
  0xdc0b acr: local abs, size 0
  0xdc0b acr: local abs, size 0
  0xdc0d ifr: local abs, size 0
  0xdc0d ifr: local abs, size 0
  0xdc0d ifr: local abs, size 0
  0xdc0d ifr: local abs, size 0
  0xdc0d ifr: local abs, size 0
  0xdc0d ifr: local abs, size 0
  0xdc0d ifr: local abs, size 0
  0xdc0d ifr: local abs, size 0
  0xdc0d ifr: local abs, size 0
  0xdc0d ifr: local abs, size 0
  0xdc0d ifr: local abs, size 0
  0xdc0d ifr: local abs, size 0
  0xdc0d ifr: local abs, size 0
  0xdc0d ifr: local abs, size 0
  0xdc0d ifr: local abs, size 0
  0xdc0d ifr: local abs, size 0
  0xdc0d ifr: local abs, size 0
  0xdc0d ifr: local abs, size 0
  0xdc0d ifr: local abs, size 0
  0xdc0d ifr: local abs, size 0
  0xdc0e ier: local abs, size 0
  0xdc0e ier: local abs, size 0
  0xdc0e ier: local abs, size 0
  0xdc0e ier: local abs, size 0
  0xdc0e ier: local abs, size 0
  0xdc0e ier: local abs, size 0
  0xdc0e ier: local abs, size 0
  0xdc0e ier: local abs, size 0
  0xdc0e ier: local abs, size 0
  0xdc0e ier: local abs, size 0
  0xdc0e ier: local abs, size 0
  0xdc0e ier: local abs, size 0
  0xdc0e ier: local abs, size 0
  0xdc0e ier: local abs, size 0
  0xdc0e ier: local abs, size 0
  0xdc0e ier: local abs, size 0
  0xdc0e ier: local abs, size 0
  0xdc0e ier: local abs, size 0
  0xdc0e ier: local abs, size 0
  0xdc0e ier: local abs, size 0
  0xdd00 io_cia2: local abs, size 0
  0xdd00 io_cia2: local abs, size 0
  0xdd00 io_cia2: local abs, size 0
  0xdd00 io_cia2: local abs, size 0
  0xdd00 io_cia2: local abs, size 0
  0xdd00 io_cia2: local abs, size 0
  0xdd00 io_cia2: local abs, size 0
  0xdd00 io_cia2: local abs, size 0
  0xdd00 io_cia2: local abs, size 0
  0xdd00 io_cia2: local abs, size 0
  0xdd00 io_cia2: local abs, size 0
  0xdd00 io_cia2: local abs, size 0
  0xdd00 io_cia2: local abs, size 0
  0xdd00 io_cia2: local abs, size 0
  0xdd00 io_cia2: local abs, size 0
  0xdd00 io_cia2: local abs, size 0
  0xdd00 io_cia2: local abs, size 0
  0xdd00 io_cia2: local abs, size 0
  0xdd00 io_cia2: local abs, size 0
  0xdd00 io_cia2: local abs, size 0
  0xde00 io_usr: local abs, size 0
  0xde00 io_usr: local abs, size 0
  0xde00 io_usr: local abs, size 0
  0xde00 io_usr: local abs, size 0
  0xde00 io_usr: local abs, size 0
  0xde00 io_usr: local abs, size 0
  0xde00 io_usr: local abs, size 0
  0xde00 io_usr: local abs, size 0
  0xde00 io_usr: local abs, size 0
  0xde00 io_usr: local abs, size 0
  0xde00 io_usr: local abs, size 0
  0xde00 io_usr: local abs, size 0
  0xde00 io_usr: local abs, size 0
  0xde00 io_usr: local abs, size 0
  0xde00 io_usr: local abs, size 0
  0xde00 io_usr: local abs, size 0
  0xde00 io_usr: local abs, size 0
  0xde00 io_usr: local abs, size 0
  0xde00 io_usr: local abs, size 0
  0xde00 io_usr: local abs, size 0
  0xdf00 io_irq: local abs, size 0
  0xdf00 io_irq: local abs, size 0
  0xdf00 io_irq: local abs, size 0
  0xdf00 io_irq: local abs, size 0
  0xdf00 io_irq: local abs, size 0
  0xdf00 io_irq: local abs, size 0
  0xdf00 io_irq: local abs, size 0
  0xdf00 io_irq: local abs, size 0
  0xdf00 io_irq: local abs, size 0
  0xdf00 io_irq: local abs, size 0
  0xdf00 io_irq: local abs, size 0
  0xdf00 io_irq: local abs, size 0
  0xdf00 io_irq: local abs, size 0
  0xdf00 io_irq: local abs, size 0
  0xdf00 io_irq: local abs, size 0
  0xdf00 io_irq: local abs, size 0
  0xdf00 io_irq: local abs, size 0
  0xdf00 io_irq: local abs, size 0
  0xdf00 io_irq: local abs, size 0
  0xdf00 io_irq: local abs, size 0
  0xe000 rst_func: global reloc, size 0
  0xe000 code_start: local abs, size 0
  0xe000 code_start: local abs, size 0
  0xe000 code_start: local abs, size 0
  0xe000 code_start: local abs, size 0
  0xe000 code_start: local abs, size 0
  0xe000 code_start: local abs, size 0
  0xe000 code_start: local abs, size 0
  0xe000 code_start: local abs, size 0
  0xe000 code_start: local abs, size 0
  0xe000 code_start: local abs, size 0
  0xe000 code_start: local abs, size 0
  0xe000 code_start: local abs, size 0
  0xe000 code_start: local abs, size 0
  0xe000 code_start: local abs, size 0
  0xe000 code_start: local abs, size 0
  0xe000 code_start: local abs, size 0
  0xe000 code_start: local abs, size 0
  0xe000 code_start: local abs, size 0
  0xe000 code_start: local abs, size 0
  0xe000 code_start: local abs, size 0
  0xe00e irq_func: global reloc, size 0
  0xe019 no_irq_func: global reloc, size 0
  0xe01a no_nmi_func: global reloc, size 0
  0xe01b call_ptr: global reloc, size 0
  0xe01e delay: global reloc, size 0
  0xe026 delay_1ms: global reloc, size 0
  0xe029 L1: local reloc, size 0
  0xe032 memset: global reloc, size 0
  0xe038 lcd_init: global reloc, size 0
  0xe07c lcd_clear: global reloc, size 0
  0xe082 lcd_home: global reloc, size 0
  0xe088 lcd_put_char: global reloc, size 0
  0xe09e lcd_send_cmd: global reloc, size 0
  0xe0b4 lcd_wait: global reloc, size 0
  0xe0ba L1: local reloc, size 0
  0xe0d7 uart_init: global reloc, size 0
  0xe109 uart_put_char: global reloc, size 0
  0xe110 uart_get_char: global reloc, size 0
  0xe117 uart_wait_rx: global reloc, size 0
  0xe11f L1: local reloc, size 0
  0xe126 uart_wait_tx: global reloc, size 0
  0xe130 L1: local reloc, size 0
  0xe136 uart_int_func: global reloc, size 0
  0xe146 put_char: global reloc, size 0
  0xe152 print: global reloc, size 0
  0xe15a L1: local reloc, size 0
  0xe165 L2: local reloc, size 0
  0xe166 print_byte: global reloc, size 0
  0xe172 L1: local reloc, size 0
  0xe180 L4: local reloc, size 0
  0xe185 L2: local reloc, size 0
  0xe18d L3: local reloc, size 0
  0xe18e print_hex: global reloc, size 0
  0xe196 L0: local reloc, size 0
  0xe1a8 L1: local reloc, size 0
  0xe1ab L2: local reloc, size 0
  0xe1bc L4: local reloc, size 0
  0xffea inte_start: local abs, size 0
  0xffea inte_start: local abs, size 0
  0xffea inte_start: local abs, size 0
  0xffea inte_start: local abs, size 0
  0xffea inte_start: local abs, size 0
  0xffea inte_start: local abs, size 0
  0xffea inte_start: local abs, size 0
  0xffea inte_start: local abs, size 0
  0xffea inte_start: local abs, size 0
  0xffea inte_start: local abs, size 0
  0xffea inte_start: local abs, size 0
  0xffea inte_start: local abs, size 0
  0xffea inte_start: local abs, size 0
  0xffea inte_start: local abs, size 0
  0xffea inte_start: local abs, size 0
  0xffea inte_start: local abs, size 0
  0xffea inte_start: local abs, size 0
  0xffea inte_start: local abs, size 0
  0xffea inte_start: local abs, size 0
  0xffea inte_start: local abs, size 0

Symbols of .vectors:
  0x0000 zero_start: local abs, size 0
  0x0000 r0: local abs, size 0
  0x0001 r1: local abs, size 0
  0x0002 r2: local abs, size 0
  0x0003 r3: local abs, size 0
  0x0004 r4: local abs, size 0
  0x0005 r5: local abs, size 0
  0x0006 r6: local abs, size 0
  0x0007 r7: local abs, size 0
  0x0008 r8: local abs, size 0
  0x0009 r9: local abs, size 0
  0x000a r10: local abs, size 0
  0x000b r11: local abs, size 0
  0x000c r12: local abs, size 0
  0x000d r13: local abs, size 0
  0x000e r14: local abs, size 0
  0x000f r15: local abs, size 0
  0x0080 zero_user: local abs, size 0
  0x0100 stck_start: local abs, size 0
  0x0200 bss_user: local abs, size 0
  0x8000 data_user: local abs, size 0
  0xb000 code_user: local abs, size 0
  0xd000 io_port1: local abs, size 0
  0xd400 io_port2: local abs, size 0
  0xd800 io_port3: local abs, size 0
  0xdc00 portb: local abs, size 0
  0xdc00 io_cia1: local abs, size 0
  0xdc01 porta: local abs, size 0
  0xdc02 ddrb: local abs, size 0
  0xdc03 ddra: local abs, size 0
  0xdc04 t1cl: local abs, size 0
  0xdc05 t1ch: local abs, size 0
  0xdc06 t1ll: local abs, size 0
  0xdc07 t1lh: local abs, size 0
  0xdc08 t2ch: local abs, size 0
  0xdc08 t2cl: local abs, size 0
  0xdc0b acr: local abs, size 0
  0xdc0d ifr: local abs, size 0
  0xdc0e ier: local abs, size 0
  0xdd00 io_cia2: local abs, size 0
  0xde00 io_usr: local abs, size 0
  0xdf00 io_irq: local abs, size 0
  0xe000 code_start: local abs, size 0
  0xffea table_irq: global reloc, size 0
  0xffea inte_start: local abs, size 0
  0xfffa table_vec: local reloc, size 0

Linker symbols:
